Line: 34 + 89 - x * y23
34 : NUMBER
+ : SYMBOL
89 : NUMBER
- : SYMBOL
x : IDENTIFIER
* : SYMBOL
y23 : IDENTIFIER

Line: cxo6y / 67z23 * 56& 34 * x
cxo6y : IDENTIFIER
/ : SYMBOL
67 : NUMBER
z23 : IDENTIFIER
* : SYMBOL
56 : NUMBER
34 : NUMBER
* : SYMBOL
x : IDENTIFIER

Line: 2 + x
2 : NUMBER
+ : SYMBOL
x : IDENTIFIER
